  Determining projects to restore...
  All projects are up-to-date for restore.
C:\Users\John Lester\Desktop\HazelInvoice\ViewModels\SummaryAllViewModel.cs(27,23): warning CS8618: Non-nullable property 'Outlets' must contain a non-null value when exiting constructor. Consider adding the 'required' modifier or declaring the property as nullable. [C:\Users\John Lester\Desktop\HazelInvoice\HazelInvoice.csproj]
C:\Users\John Lester\Desktop\HazelInvoice\ViewModels\ReportsViewModels.cs(17,20): warning CS8618: Non-nullable property 'Product' must contain a non-null value when exiting constructor. Consider adding the 'required' modifier or declaring the property as nullable. [C:\Users\John Lester\Desktop\HazelInvoice\HazelInvoice.csproj]
C:\Users\John Lester\Desktop\HazelInvoice\ViewModels\ReportsViewModels.cs(19,19): warning CS8618: Non-nullable property 'Status' must contain a non-null value when exiting constructor. Consider adding the 'required' modifier or declaring the property as nullable. [C:\Users\John Lester\Desktop\HazelInvoice\HazelInvoice.csproj]
C:\Users\John Lester\Desktop\HazelInvoice\ViewModels\ProfitSummaryViewModel.cs(69,19): warning CS8618: Non-nullable property 'Description' must contain a non-null value when exiting constructor. Consider adding the 'required' modifier or declaring the property as nullable. [C:\Users\John Lester\Desktop\HazelInvoice\HazelInvoice.csproj]
C:\Users\John Lester\Desktop\HazelInvoice\Controllers\ReportsController.cs(49,81): warning CS8629: Nullable value type may be null. [C:\Users\John Lester\Desktop\HazelInvoice\HazelInvoice.csproj]
C:\Users\John Lester\Desktop\HazelInvoice\Views\Orders\SummaryAll.cshtml(179,72): error CS1061: 'DailyTrendDto' does not contain a definition for 'PaidAmount' and no accessible extension method 'PaidAmount' accepting a first argument of type 'DailyTrendDto' could be found (are you missing a using directive or an assembly reference?) [C:\Users\John Lester\Desktop\HazelInvoice\HazelInvoice.csproj]
C:\Users\John Lester\Desktop\HazelInvoice\Views\Orders\SummaryAll.cshtml(180,71): error CS1061: 'DailyTrendDto' does not contain a definition for 'UnpaidAmount' and no accessible extension method 'UnpaidAmount' accepting a first argument of type 'DailyTrendDto' could be found (are you missing a using directive or an assembly reference?) [C:\Users\John Lester\Desktop\HazelInvoice\HazelInvoice.csproj]
C:\Users\John Lester\Desktop\HazelInvoice\Views\Orders\SummaryAll.cshtml(181,67): error CS1061: 'DailyTrendDto' does not contain a definition for 'TotalAmount' and no accessible extension method 'TotalAmount' accepting a first argument of type 'DailyTrendDto' could be found (are you missing a using directive or an assembly reference?) [C:\Users\John Lester\Desktop\HazelInvoice\HazelInvoice.csproj]
C:\Users\John Lester\Desktop\HazelInvoice\Controllers\OrdersController.cs(386,39): warning CS8629: Nullable value type may be null. [C:\Users\John Lester\Desktop\HazelInvoice\HazelInvoice.csproj]
C:\Users\John Lester\Desktop\HazelInvoice\Controllers\DashboardController.cs(54,25): warning CS8602: Dereference of a possibly null reference. [C:\Users\John Lester\Desktop\HazelInvoice\HazelInvoice.csproj]
C:\Users\John Lester\Desktop\HazelInvoice\Controllers\DashboardController.cs(85,25): warning CS8602: Dereference of a possibly null reference. [C:\Users\John Lester\Desktop\HazelInvoice\HazelInvoice.csproj]
C:\Users\John Lester\Desktop\HazelInvoice\Controllers\OrdersController.cs(644,34): warning CS8629: Nullable value type may be null. [C:\Users\John Lester\Desktop\HazelInvoice\HazelInvoice.csproj]
C:\Users\John Lester\Desktop\HazelInvoice\Controllers\OrdersController.cs(877,17): error CS0117: 'DailyTrendDto' does not contain a definition for 'TotalAmount' [C:\Users\John Lester\Desktop\HazelInvoice\HazelInvoice.csproj]
C:\Users\John Lester\Desktop\HazelInvoice\Controllers\OrdersController.cs(878,17): error CS0117: 'DailyTrendDto' does not contain a definition for 'PaidAmount' [C:\Users\John Lester\Desktop\HazelInvoice\HazelInvoice.csproj]
C:\Users\John Lester\Desktop\HazelInvoice\Controllers\OrdersController.cs(879,17): error CS0117: 'DailyTrendDto' does not contain a definition for 'UnpaidAmount' [C:\Users\John Lester\Desktop\HazelInvoice\HazelInvoice.csproj]
C:\Users\John Lester\Desktop\HazelInvoice\Controllers\OrdersController.cs(898,25): warning CS8602: Dereference of a possibly null reference. [C:\Users\John Lester\Desktop\HazelInvoice\HazelInvoice.csproj]
C:\Users\John Lester\Desktop\HazelInvoice\Controllers\OrdersController.cs(901,47): warning CS8602: Dereference of a possibly null reference. [C:\Users\John Lester\Desktop\HazelInvoice\HazelInvoice.csproj]
C:\Users\John Lester\Desktop\HazelInvoice\Controllers\OrdersController.cs(903,64): warning CS8602: Dereference of a possibly null reference. [C:\Users\John Lester\Desktop\HazelInvoice\HazelInvoice.csproj]
C:\Users\John Lester\Desktop\HazelInvoice\Controllers\OrdersController.cs(904,71): warning CS8602: Dereference of a possibly null reference. [C:\Users\John Lester\Desktop\HazelInvoice\HazelInvoice.csproj]

Build FAILED.

C:\Users\John Lester\Desktop\HazelInvoice\ViewModels\SummaryAllViewModel.cs(27,23): warning CS8618: Non-nullable property 'Outlets' must contain a non-null value when exiting constructor. Consider adding the 'required' modifier or declaring the property as nullable. [C:\Users\John Lester\Desktop\HazelInvoice\HazelInvoice.csproj]
C:\Users\John Lester\Desktop\HazelInvoice\ViewModels\ReportsViewModels.cs(17,20): warning CS8618: Non-nullable property 'Product' must contain a non-null value when exiting constructor. Consider adding the 'required' modifier or declaring the property as nullable. [C:\Users\John Lester\Desktop\HazelInvoice\HazelInvoice.csproj]
C:\Users\John Lester\Desktop\HazelInvoice\ViewModels\ReportsViewModels.cs(19,19): warning CS8618: Non-nullable property 'Status' must contain a non-null value when exiting constructor. Consider adding the 'required' modifier or declaring the property as nullable. [C:\Users\John Lester\Desktop\HazelInvoice\HazelInvoice.csproj]
C:\Users\John Lester\Desktop\HazelInvoice\ViewModels\ProfitSummaryViewModel.cs(69,19): warning CS8618: Non-nullable property 'Description' must contain a non-null value when exiting constructor. Consider adding the 'required' modifier or declaring the property as nullable. [C:\Users\John Lester\Desktop\HazelInvoice\HazelInvoice.csproj]
C:\Users\John Lester\Desktop\HazelInvoice\Controllers\ReportsController.cs(49,81): warning CS8629: Nullable value type may be null. [C:\Users\John Lester\Desktop\HazelInvoice\HazelInvoice.csproj]
C:\Users\John Lester\Desktop\HazelInvoice\Controllers\OrdersController.cs(386,39): warning CS8629: Nullable value type may be null. [C:\Users\John Lester\Desktop\HazelInvoice\HazelInvoice.csproj]
C:\Users\John Lester\Desktop\HazelInvoice\Controllers\DashboardController.cs(54,25): warning CS8602: Dereference of a possibly null reference. [C:\Users\John Lester\Desktop\HazelInvoice\HazelInvoice.csproj]
C:\Users\John Lester\Desktop\HazelInvoice\Controllers\DashboardController.cs(85,25): warning CS8602: Dereference of a possibly null reference. [C:\Users\John Lester\Desktop\HazelInvoice\HazelInvoice.csproj]
C:\Users\John Lester\Desktop\HazelInvoice\Controllers\OrdersController.cs(644,34): warning CS8629: Nullable value type may be null. [C:\Users\John Lester\Desktop\HazelInvoice\HazelInvoice.csproj]
C:\Users\John Lester\Desktop\HazelInvoice\Controllers\OrdersController.cs(898,25): warning CS8602: Dereference of a possibly null reference. [C:\Users\John Lester\Desktop\HazelInvoice\HazelInvoice.csproj]
C:\Users\John Lester\Desktop\HazelInvoice\Controllers\OrdersController.cs(901,47): warning CS8602: Dereference of a possibly null reference. [C:\Users\John Lester\Desktop\HazelInvoice\HazelInvoice.csproj]
C:\Users\John Lester\Desktop\HazelInvoice\Controllers\OrdersController.cs(903,64): warning CS8602: Dereference of a possibly null reference. [C:\Users\John Lester\Desktop\HazelInvoice\HazelInvoice.csproj]
C:\Users\John Lester\Desktop\HazelInvoice\Controllers\OrdersController.cs(904,71): warning CS8602: Dereference of a possibly null reference. [C:\Users\John Lester\Desktop\HazelInvoice\HazelInvoice.csproj]
C:\Users\John Lester\Desktop\HazelInvoice\Views\Orders\SummaryAll.cshtml(179,72): error CS1061: 'DailyTrendDto' does not contain a definition for 'PaidAmount' and no accessible extension method 'PaidAmount' accepting a first argument of type 'DailyTrendDto' could be found (are you missing a using directive or an assembly reference?) [C:\Users\John Lester\Desktop\HazelInvoice\HazelInvoice.csproj]
C:\Users\John Lester\Desktop\HazelInvoice\Views\Orders\SummaryAll.cshtml(180,71): error CS1061: 'DailyTrendDto' does not contain a definition for 'UnpaidAmount' and no accessible extension method 'UnpaidAmount' accepting a first argument of type 'DailyTrendDto' could be found (are you missing a using directive or an assembly reference?) [C:\Users\John Lester\Desktop\HazelInvoice\HazelInvoice.csproj]
C:\Users\John Lester\Desktop\HazelInvoice\Views\Orders\SummaryAll.cshtml(181,67): error CS1061: 'DailyTrendDto' does not contain a definition for 'TotalAmount' and no accessible extension method 'TotalAmount' accepting a first argument of type 'DailyTrendDto' could be found (are you missing a using directive or an assembly reference?) [C:\Users\John Lester\Desktop\HazelInvoice\HazelInvoice.csproj]
C:\Users\John Lester\Desktop\HazelInvoice\Controllers\OrdersController.cs(877,17): error CS0117: 'DailyTrendDto' does not contain a definition for 'TotalAmount' [C:\Users\John Lester\Desktop\HazelInvoice\HazelInvoice.csproj]
C:\Users\John Lester\Desktop\HazelInvoice\Controllers\OrdersController.cs(878,17): error CS0117: 'DailyTrendDto' does not contain a definition for 'PaidAmount' [C:\Users\John Lester\Desktop\HazelInvoice\HazelInvoice.csproj]
C:\Users\John Lester\Desktop\HazelInvoice\Controllers\OrdersController.cs(879,17): error CS0117: 'DailyTrendDto' does not contain a definition for 'UnpaidAmount' [C:\Users\John Lester\Desktop\HazelInvoice\HazelInvoice.csproj]
    13 Warning(s)
    6 Error(s)

Time Elapsed 00:00:04.49
