  Determining projects to restore...
  All projects are up-to-date for restore.
  HazelInvoice -> C:\Users\John Lester\Desktop\HazelInvoice\bin\Debug\net8.0\HazelInvoice.dll

Build succeeded.
    0 Warning(s)
    0 Error(s)

Time Elapsed 00:00:01.49
